Design matrix: 3 runs (loaded from experiments-local/experiment-mu-glm53-easy/design-easy.csv)
Task: rest-api-crud
Replicates: 3 (9 total runs)
Disk preflight: 191 GB free — ok.
Toolchain preflight (installing missing toolchains):
  ✓ Python: present (python3)
  ✓ Go: present (go)
Local-agent preflight: 2 agent(s) OK.

Stack provenance (recorded to provenance.json):
  retort   : 6fefff718a (dirty) on main
  host     : Mac16,6  wired_limit=0MB
  agents   : opencode (opencode)
  model    : z-ai/glm-5.2 rev=None quant=None size=None
  model    : z-ai/glm-5.3 rev=None quant=None size=None
  model    : z-ai/glm-5.3-flash rev=None quant=None size=None

Starting experiment runs...
  [1/3 rep 1/3] python/unknown/opencode — ok (230.9s) [code_quality=0.62, test_coverage=0.94, defect_rate=0.92, maintainability=0.92, token_efficiency=0.00] tokens=1,922,748 cost=$0.6070
  [2/3 rep 1/3] python/unknown/opencode — ok (448.9s) [code_quality=0.67, test_coverage=0.97, defect_rate=1.00, maintainability=0.75, token_efficiency=0.00] tokens=2,029,261 cost=$0.7628
  [1/3 rep 2/3] python/unknown/opencode — ok (148.8s) [code_quality=0.67, test_coverage=0.92, defect_rate=1.00, maintainability=0.87, token_efficiency=0.01] tokens=964,929 cost=$0.2585
  [2/3 rep 2/3] python/unknown/opencode — ok (263.1s) [code_quality=0.62, test_coverage=0.97, defect_rate=1.00, maintainability=1.00, token_efficiency=0.01] tokens=1,189,441 cost=$0.4453
  [3/3 rep 2/3] python/unknown/opencode — ok (487.0s) [code_quality=0.67, test_coverage=0.98, defect_rate=1.00, maintainability=0.89, token_efficiency=0.01] tokens=1,435,937 cost=$0.0312

Done: 5 completed, 0 failed out of 9
