Design matrix: 3 runs (loaded from experiments-local/experiment-mu-glm53-easy/design-easy.csv)
Task: rest-api-crud
Replicates: 3 (9 total runs)
  Requirements: copied pinned checklist from rest-api-crud task.
Disk preflight: 191 GB free — ok.
Toolchain preflight (installing missing toolchains):
  ✓ Python: present (python3)
  ✓ Go: present (go)
Local-agent preflight: 2 agent(s) OK.

Stack provenance (recorded to provenance.json):
  retort   : 6fefff718a (dirty) on main
  host     : Mac16,6  wired_limit=0MB
  agents   : opencode (opencode)
  model    : z-ai/glm-5.2 rev=None quant=None size=None
  model    : z-ai/glm-5.3 rev=None quant=None size=None
  model    : z-ai/glm-5.3-flash rev=None quant=None size=None

Starting experiment runs...
  [3/3 rep 1/3] python/unknown/opencode — ok (346.7s) [code_quality=0.67, test_coverage=0.99, defect_rate=1.00, maintainability=0.89, token_efficiency=0.01] tokens=897,293 cost=$0.0208
  [1/3 rep 3/3] python/unknown/opencode — ok (85.7s) [code_quality=0.79, test_coverage=0.95, defect_rate=1.00, maintainability=0.98, token_efficiency=0.00] tokens=875,573 cost=$0.2813
  [2/3 rep 3/3] python/unknown/opencode — ok (606.3s) [code_quality=1.00, test_coverage=0.99, defect_rate=1.00, maintainability=0.97, token_efficiency=0.01] tokens=1,880,369 cost=$0.6964
  [3/3 rep 3/3] python/unknown/opencode — ok (695.6s) [code_quality=0.67, test_coverage=0.92, defect_rate=1.00, maintainability=0.67, token_efficiency=0.01] tokens=1,220,641 cost=$0.0318

Done: 4 completed, 0 failed out of 9
