Design matrix: 6 runs (loaded from experiments-local/experiment-mu-primeagent-easy/design.csv)
Task: rest-api-crud
Replicates: 3 (18 total runs)
Resume: 12 run(s) already recorded — will skip.
Disk preflight: 105 GB free — ok.

Stack provenance (recorded to provenance.json):
  retort   : eddc4de467 (dirty) on main
  host     : Mac16,6  wired_limit=0MB
  agents   : opencode (opencode), prime (prime)
  model    : z-ai/glm-5.2 rev=None quant=None size=None

Starting experiment runs...
  [1/6 rep 1/3] python/unknown/opencode — skip (resume)
  [2/6 rep 1/3] python/unknown/prime — skip (resume)
  [3/6 rep 1/3] go/unknown/opencode — skip (resume)
  [4/6 rep 1/3] go/unknown/prime — CRASH (1800.2s) [code_quality=1.00, test_coverage=0.76, defect_rate=1.00, maintainability=0.88, token_efficiency=0.03] tokens=399,172 cost=$0.0765
    error: Timeout after 1800s (in-container wall)
  [5/6 rep 1/3] typescript/unknown/opencode — skip (resume)
  [6/6 rep 1/3] typescript/unknown/prime — skip (resume)
  [1/6 rep 2/3] python/unknown/opencode — skip (resume)
  [2/6 rep 2/3] python/unknown/prime — skip (resume)
  [3/6 rep 2/3] go/unknown/opencode — skip (resume)
  [4/6 rep 2/3] go/unknown/prime