Design matrix: 25 runs (loaded from experiment-15/design-grid.csv)
Task: rest-api-crud
Replicates: 1 (25 total runs)
Resume: 62 run(s) already recorded — will skip.

Starting experiment runs...
  [1/25 rep 1/1] python/unknown/omp — skip (resume)
  [2/25 rep 1/1] python/unknown/omp — skip (resume)
  [3/25 rep 1/1] python/unknown/omp — skip (resume)
  [4/25 rep 1/1] python/unknown/omp — skip (resume)
  [5/25 rep 1/1] go/unknown/omp — skip (resume)
  [6/25 rep 1/1] go/unknown/omp — skip (resume)
  [7/25 rep 1/1] go/unknown/omp — skip (resume)
  [8/25 rep 1/1] go/unknown/omp — skip (resume)
  [9/25 rep 1/1] typescript/unknown/omp — skip (resume)
  [10/25 rep 1/1] typescript/unknown/omp — skip (resume)
  [11/25 rep 1/1] typescript/unknown/omp — skip (resume)
  [12/25 rep 1/1] typescript/unknown/omp — skip (resume)
  [13/25 rep 1/1] rust/unknown/omp — skip (resume)
  [14/25 rep 1/1] rust/unknown/omp — skip (resume)
  [15/25 rep 1/1] rust/unknown/omp — skip (resume)
  [16/25 rep 1/1] rust/unknown/omp — skip (resume)
  [17/25 rep 1/1] java/unknown/omp — skip (resume)
  [18/25 rep 1/1] java/unknown/omp — skip (resume)
  [19/25 rep 1/1] java/unknown/omp — skip (resume)
  [20/25 rep 1/1] java/unknown/omp — skip (resume)
  [21/25 rep 1/1] python/unknown/omp — skip (resume)
  [22/25 rep 1/1] go/unknown/omp — ok (188.2s) [code_quality=1.00, test_coverage=0.69, defect_rate=1.00, maintainability=0.87, token_efficiency=0.01] tokens=1,470,418 cost=$1.9037
  [23/25 rep 1/1] typescript/unknown/omp — skip (resume)
  [24/25 rep 1/1] rust/unknown/omp — ok (166.3s) [code_quality=0.83, test_coverage=1.00, defect_rate=1.00, maintainability=0.94, token_efficiency=0.08] tokens=1,026,664 cost=$1.5456
  [25/25 rep 1/1] java/unknown/omp — ok (196.2s) [code_quality=1.00, test_coverage=1.00, defect_rate=1.00, maintainability=0.76, token_efficiency=0.01] tokens=990,026 cost=$1.6183

Done: 3 completed, 0 failed out of 25 (22 skipped via resume)
