Design matrix: 20 runs (loaded from experiment-15/design-openweight.csv)
Task: rest-api-crud
Replicates: 3 (60 total runs)
Resume: 65 run(s) already recorded — will skip.

Starting experiment runs...
  [5/20 rep 1/3] go/unknown/omp — FAIL (0.7s) [code_quality=0.00, test_coverage=0.00, defect_rate=0.00, maintainability=0.00, token_efficiency=0.00]
    error: 331 |     for (let item of this.#cachedQueriesValues)
332 |       item?.finalize?.();
333 |     this.#cachedQueriesKeys.length = 0, this.#cachedQueriesValues.length = 0, this.#cachedQueriesLengths.len
  [8/20 rep 1/3] go/unknown/omp — ok (255.3s) [code_quality=1.00, test_coverage=0.38, defect_rate=1.00, maintainability=0.86, token_efficiency=0.01] tokens=933,618 cost=$0.0967
  [14/20 rep 1/3] rust/unknown/omp — skip (resume)
  [15/20 rep 1/3] rust/unknown/omp — skip (resume)
  [16/20 rep 1/3] rust/unknown/omp — skip (resume)
  [19/20 rep 1/3] java/unknown/omp — skip (resume)
  [2/20 rep 2/3] python/unknown/omp — ok (210.5s) [code_quality=0.96, test_coverage=0.98, defect_rate=1.00, maintainability=1.00, token_efficiency=0.00] tokens=1,747,004 cost=$0.1413
  [5/20 rep 2/3] go/unknown/omp — ok (162.6s) [code_quality=0.96, test_coverage=0.59, defect_rate=1.00, maintainability=0.98, token_efficiency=0.01] tokens=811,317 cost=$0.1922
  [6/20 rep 2/3] go/unknown/omp — ok (278.6s) [code_quality=1.00, test_coverage=0.63, defect_rate=1.00, maintainability=0.83, token_efficiency=0.01] tokens=1,293,256 cost=$0.1160
  [7/20 rep 2/3] go/unknown/omp — ok (354.1s) [code_quality=1.00, test_coverage=0.25, defect_rate=1.00, maintainability=0.67, token_efficiency=0.00] tokens=2,883,600 cost=$0.2824
  [11/20 rep 2/3] typescript/unknown/omp — skip (resume)
  [14/20 rep 2/3] rust/unknown/omp — skip (resume)
  [20/20 rep 2/3] java/unknown/omp — skip (resume)
  [7/20 rep 3/3] go/unknown/omp — ok (371.3s) [code_quality=1.00, test_coverage=0.57, defect_rate=1.00, maintainability=0.91, token_efficiency=0.01] tokens=2,727,188 cost=$0.2683
  [11/20 rep 3/3] typescript/unknown/omp — skip (resume)
  [12/20 rep 3/3] typescript/unknown/omp — skip (resume)
  [14/20 rep 3/3] rust/unknown/omp — skip (resume)
  [16/20 rep 3/3] rust/unknown/omp — skip (resume)
  [18/20 rep 3/3] java/unknown/omp — skip (resume)

Done: 6 completed, 1 failed out of 60 (12 skipped via resume)
