Design matrix: 20 runs (loaded from experiment-15/design-openweight.csv)
Task: rest-api-crud
Replicates: 3 (60 total runs)
Resume: 65 run(s) already recorded — will skip.

Starting experiment runs...
  [6/20 rep 1/3] go/unknown/omp — FAIL (0.7s) [code_quality=0.00, test_coverage=0.00, defect_rate=0.00, maintainability=0.00, token_efficiency=0.00]
    error: 331 |     for (let item of this.#cachedQueriesValues)
332 |       item?.finalize?.();
333 |     this.#cachedQueriesKeys.length = 0, this.#cachedQueriesValues.length = 0, this.#cachedQueriesLengths.len
  [11/20 rep 1/3] typescript/unknown/omp — skip (resume)
  [12/20 rep 1/3] typescript/unknown/omp — skip (resume)
  [17/20 rep 1/3] java/unknown/omp — skip (resume)
  [4/20 rep 2/3] python/unknown/omp — ok (127.0s) [code_quality=0.67, test_coverage=0.96, defect_rate=0.88, maintainability=0.97, token_efficiency=0.00] tokens=828,141 cost=$0.0802
  [9/20 rep 2/3] typescript/unknown/omp — ok (310.5s) [code_quality=0.73, test_coverage=1.00, defect_rate=1.00, maintainability=0.88, token_efficiency=1.00] tokens=1,690,848 cost=$0.4058
  [10/20 rep 2/3] typescript/unknown/omp — ok (327.5s) [code_quality=0.73, test_coverage=0.81, defect_rate=1.00, maintainability=0.72, token_efficiency=1.00] tokens=1,615,484 cost=$0.1363
  [16/20 rep 2/3] rust/unknown/omp — skip (resume)
  [17/20 rep 2/3] java/unknown/omp — skip (resume)
  [18/20 rep 2/3] java/unknown/omp — skip (resume)
  [6/20 rep 3/3] go/unknown/omp — ok (264.4s) [code_quality=1.00, test_coverage=0.68, defect_rate=1.00, maintainability=0.87, token_efficiency=0.01] tokens=1,188,513 cost=$0.1180
  [9/20 rep 3/3] typescript/unknown/omp — ok (231.7s) [code_quality=0.73, test_coverage=1.00, defect_rate=1.00, maintainability=0.87, token_efficiency=1.00] tokens=786,919 cost=$0.1979
  [10/20 rep 3/3] typescript/unknown/omp — ok (288.6s) [code_quality=0.73, test_coverage=1.00, defect_rate=1.00, maintainability=0.91, token_efficiency=1.00] tokens=1,226,025 cost=$0.1133
  [15/20 rep 3/3] rust/unknown/omp — skip (resume)
  [20/20 rep 3/3] java/unknown/omp — skip (resume)

Done: 6 completed, 1 failed out of 60 (8 skipped via resume)
