Design matrix: 20 runs (loaded from experiment-15/design-openweight.csv)
Task: rest-api-crud
Replicates: 3 (60 total runs)
Resume: 65 run(s) already recorded — will skip.

Starting experiment runs...
  [1/20 rep 1/3] python/unknown/omp — FAIL (0.7s) [code_quality=0.00, test_coverage=0.00, defect_rate=0.00, maintainability=0.00, token_efficiency=0.00]
    error: 331 |     for (let item of this.#cachedQueriesValues)
332 |       item?.finalize?.();
333 |     this.#cachedQueriesKeys.length = 0, this.#cachedQueriesValues.length = 0, this.#cachedQueriesLengths.len
  [2/20 rep 1/3] python/unknown/omp — ok (177.1s) [code_quality=0.67, test_coverage=0.96, defect_rate=1.00, maintainability=0.95, token_efficiency=0.01] tokens=840,258 cost=$0.0824
  [3/20 rep 1/3] python/unknown/omp — FAIL (191.6s) [code_quality=0.00, test_coverage=0.00, defect_rate=0.00, maintainability=0.00, token_efficiency=0.00] tokens=1,288,897 cost=$0.1282
    gate: tests did not run (test_coverage=0) — marked failed
  [7/20 rep 1/3] go/unknown/omp — ok (297.9s) [code_quality=1.00, test_coverage=0.65, defect_rate=1.00, maintainability=0.78, token_efficiency=0.00] tokens=2,056,496 cost=$0.2031
  [20/20 rep 1/3] java/unknown/omp — skip (resume)
  [1/20 rep 2/3] python/unknown/omp — ok (139.5s) [code_quality=0.79, test_coverage=0.91, defect_rate=1.00, maintainability=1.00, token_efficiency=0.01] tokens=800,049 cost=$0.1589
  [3/20 rep 2/3] python/unknown/omp — ok (211.1s) [code_quality=0.62, test_coverage=0.96, defect_rate=0.87, maintainability=1.00, token_efficiency=0.01] tokens=1,477,581 cost=$0.1465
  [1/20 rep 3/3] python/unknown/omp — ok (149.6s) [code_quality=0.62, test_coverage=0.95, defect_rate=1.00, maintainability=1.00, token_efficiency=0.00] tokens=659,958 cost=$0.1322
  [4/20 rep 3/3] python/unknown/omp — ok (164.6s) [code_quality=0.62, test_coverage=0.93, defect_rate=1.00, maintainability=1.00, token_efficiency=0.01] tokens=333,105 cost=$0.0406
  [13/20 rep 3/3] rust/unknown/omp — skip (resume)
  [19/20 rep 3/3] java/unknown/omp — skip (resume)

Done: 6 completed, 2 failed out of 60 (3 skipped via resume)
