Design matrix: 20 runs (loaded from experiment-15/design-openweight.csv)
Task: rest-api-crud
Replicates: 3 (60 total runs)
Resume: 65 run(s) already recorded — will skip.

Starting experiment runs...
  [4/20 rep 1/3] python/unknown/omp — ok (173.0s) [code_quality=0.62, test_coverage=0.96, defect_rate=1.00, maintainability=1.00, token_efficiency=0.01] tokens=334,036 cost=$0.0485
  [9/20 rep 1/3] typescript/unknown/omp — FAIL (454.3s) [code_quality=0.00, test_coverage=0.00, defect_rate=0.00, maintainability=0.00, token_efficiency=0.00] tokens=2,381,362 cost=$0.4566
    gate: tests did not run (test_coverage=0) — marked failed
  [10/20 rep 1/3] typescript/unknown/omp — ok (385.8s) [code_quality=0.73, test_coverage=1.00, defect_rate=1.00, maintainability=0.84, token_efficiency=1.00] tokens=1,625,824 cost=$0.1584
  [13/20 rep 1/3] rust/unknown/omp — skip (resume)
  [18/20 rep 1/3] java/unknown/omp — skip (resume)
  [8/20 rep 2/3] go/unknown/omp — ok (310.6s) [code_quality=1.00, test_coverage=0.57, defect_rate=1.00, maintainability=0.90, token_efficiency=0.01] tokens=706,370 cost=$0.0891
  [12/20 rep 2/3] typescript/unknown/omp — skip (resume)
  [13/20 rep 2/3] rust/unknown/omp — skip (resume)
  [15/20 rep 2/3] rust/unknown/omp — skip (resume)
  [19/20 rep 2/3] java/unknown/omp — skip (resume)
  [2/20 rep 3/3] python/unknown/omp — ok (234.9s) [code_quality=0.67, test_coverage=0.98, defect_rate=1.00, maintainability=0.92, token_efficiency=0.00] tokens=1,179,583 cost=$0.1033
  [3/20 rep 3/3] python/unknown/omp — ok (328.1s) [code_quality=0.67, test_coverage=0.98, defect_rate=1.00, maintainability=0.32, token_efficiency=1.00] tokens=3,022,008 cost=$0.2945
  [5/20 rep 3/3] go/unknown/omp — ok (164.3s) [code_quality=0.96, test_coverage=0.61, defect_rate=1.00, maintainability=0.98, token_efficiency=0.00] tokens=1,775,569 cost=$0.3729
  [8/20 rep 3/3] go/unknown/omp — ok (262.8s) [code_quality=1.00, test_coverage=0.56, defect_rate=1.00, maintainability=0.83, token_efficiency=0.01] tokens=975,746 cost=$0.1075
  [17/20 rep 3/3] java/unknown/omp — skip (resume)

Done: 7 completed, 1 failed out of 60 (7 skipped via resume)
