Design matrix: 20 runs (loaded from experiment-15/design-openweight.csv)
Task: rest-api-crud
Replicates: 3 (60 total runs)
Resume: 50 run(s) already recorded — will skip.

Starting experiment runs...
  [4/20 rep 1/3] python/unknown/omp — skip (resume)
  [9/20 rep 1/3] typescript/unknown/omp — skip (resume)
  [10/20 rep 1/3] typescript/unknown/omp — skip (resume)
  [13/20 rep 1/3] rust/unknown/omp — skip (resume)
  [18/20 rep 1/3] java/unknown/omp — skip (resume)
  [8/20 rep 2/3] go/unknown/omp — skip (resume)
  [12/20 rep 2/3] typescript/unknown/omp — skip (resume)
  [13/20 rep 2/3] rust/unknown/omp — skip (resume)
  [15/20 rep 2/3] rust/unknown/omp — skip (resume)
  [19/20 rep 2/3] java/unknown/omp — skip (resume)
  [2/20 rep 3/3] python/unknown/omp — skip (resume)
  [3/20 rep 3/3] python/unknown/omp — skip (resume)
  [5/20 rep 3/3] go/unknown/omp — ok (266.3s) [code_quality=1.00, test_coverage=0.69, defect_rate=1.00, maintainability=0.85, token_efficiency=0.01] tokens=841,954 cost=$0.1867
  [8/20 rep 3/3] go/unknown/omp — ok (310.3s) [code_quality=0.96, test_coverage=0.56, defect_rate=1.00, maintainability=0.96, token_efficiency=0.02] tokens=434,024 cost=$0.0601
  [17/20 rep 3/3] java/unknown/omp — ok (346.4s) [code_quality=1.00, test_coverage=1.00, defect_rate=1.00, maintainability=0.96, token_efficiency=0.00] tokens=1,479,819 cost=$0.3002

Done: 3 completed, 0 failed out of 60 (12 skipped via resume)
