Design matrix: 20 runs (loaded from experiment-15/design-openweight.csv)
Task: rest-api-crud
Replicates: 3 (60 total runs)
Resume: 50 run(s) already recorded — will skip.

Starting experiment runs...
  [6/20 rep 1/3] go/unknown/omp — skip (resume)
  [11/20 rep 1/3] typescript/unknown/omp — skip (resume)
  [12/20 rep 1/3] typescript/unknown/omp — skip (resume)
  [17/20 rep 1/3] java/unknown/omp — skip (resume)
  [4/20 rep 2/3] python/unknown/omp — skip (resume)
  [9/20 rep 2/3] typescript/unknown/omp — skip (resume)
  [10/20 rep 2/3] typescript/unknown/omp — skip (resume)
  [16/20 rep 2/3] rust/unknown/omp — skip (resume)
  [17/20 rep 2/3] java/unknown/omp — skip (resume)
  [18/20 rep 2/3] java/unknown/omp — skip (resume)
  [6/20 rep 3/3] go/unknown/omp — skip (resume)
  [9/20 rep 3/3] typescript/unknown/omp — FAIL (0.7s) [code_quality=0.00, test_coverage=0.00, defect_rate=0.00, maintainability=0.00, token_efficiency=0.00]
    error: 331 |     for (let item of this.#cachedQueriesValues)
332 |       item?.finalize?.();
333 |     this.#cachedQueriesKeys.length = 0, this.#cachedQueriesValues.length = 0, this.#cachedQueriesLengths.len
  [10/20 rep 3/3] typescript/unknown/omp — ok (378.9s) [code_quality=0.73, test_coverage=1.00, defect_rate=1.00, maintainability=0.75, token_efficiency=1.00] tokens=1,579,907 cost=$0.1382
  [15/20 rep 3/3] rust/unknown/omp — ok (485.4s) [code_quality=0.83, test_coverage=1.00, defect_rate=0.92, maintainability=0.89, token_efficiency=0.02] tokens=3,588,570 cost=$0.3442
  [20/20 rep 3/3] java/unknown/omp — ok (279.8s) [code_quality=1.00, test_coverage=1.00, defect_rate=1.00, maintainability=0.97, token_efficiency=0.00] tokens=1,170,794 cost=$0.1256

Done: 3 completed, 1 failed out of 60 (11 skipped via resume)
