Design matrix: 20 runs (loaded from experiment-15/design-openweight.csv)
Task: rest-api-crud
Replicates: 3 (60 total runs)
Resume: 50 run(s) already recorded — will skip.

Starting experiment runs...
  [5/20 rep 1/3] go/unknown/omp — skip (resume)
  [8/20 rep 1/3] go/unknown/omp — skip (resume)
  [14/20 rep 1/3] rust/unknown/omp — skip (resume)
  [15/20 rep 1/3] rust/unknown/omp — skip (resume)
  [16/20 rep 1/3] rust/unknown/omp — skip (resume)
  [19/20 rep 1/3] java/unknown/omp — skip (resume)
  [2/20 rep 2/3] python/unknown/omp — skip (resume)
  [5/20 rep 2/3] go/unknown/omp — skip (resume)
  [6/20 rep 2/3] go/unknown/omp — skip (resume)
  [7/20 rep 2/3] go/unknown/omp — skip (resume)
  [11/20 rep 2/3] typescript/unknown/omp — skip (resume)
  [14/20 rep 2/3] rust/unknown/omp — FAIL (0.7s) [code_quality=0.00, test_coverage=0.00, defect_rate=0.00, maintainability=0.00, token_efficiency=0.00]
    error: 331 |     for (let item of this.#cachedQueriesValues)
332 |       item?.finalize?.();
333 |     this.#cachedQueriesKeys.length = 0, this.#cachedQueriesValues.length = 0, this.#cachedQueriesLengths.len
  [20/20 rep 2/3] java/unknown/omp — ok (249.3s) [code_quality=1.00, test_coverage=1.00, defect_rate=1.00, maintainability=0.95, token_efficiency=0.01] tokens=622,489 cost=$0.0786
  [7/20 rep 3/3] go/unknown/omp — ok (673.0s) [code_quality=1.00, test_coverage=0.62, defect_rate=1.00, maintainability=0.92, token_efficiency=0.00] tokens=5,008,677 cost=$0.2063
  [11/20 rep 3/3] typescript/unknown/omp — FAIL (395.0s) [code_quality=0.00, test_coverage=0.00, defect_rate=0.00, maintainability=0.00, token_efficiency=0.00] tokens=2,616,305 cost=$0.2581
    gate: tests did not run (test_coverage=0) — marked failed
  [12/20 rep 3/3] typescript/unknown/omp — ok (272.1s) [code_quality=0.73, test_coverage=0.92, defect_rate=1.00, maintainability=0.81, token_efficiency=1.00] tokens=866,805 cost=$0.1018
  [14/20 rep 3/3] rust/unknown/omp — ok (537.9s) [code_quality=0.83, test_coverage=1.00, defect_rate=1.00, maintainability=0.85, token_efficiency=0.06] tokens=3,426,644 cost=$0.2562
  [16/20 rep 3/3] rust/unknown/omp — ok (544.9s) [code_quality=0.83, test_coverage=1.00, defect_rate=1.00, maintainability=0.46, token_efficiency=0.02] tokens=3,126,928 cost=$0.2966
  [18/20 rep 3/3] java/unknown/omp — ok (520.4s) [code_quality=1.00, test_coverage=1.00, defect_rate=1.00, maintainability=0.94, token_efficiency=0.00] tokens=3,359,439 cost=$0.2628

Done: 6 completed, 2 failed out of 60 (11 skipped via resume)
