Design matrix: 20 runs (loaded from experiment-15/design-openweight.csv)
Task: rest-api-crud
Replicates: 3 (60 total runs)
Resume: 63 run(s) already recorded — will skip.

Starting experiment runs...
  [1/20 rep 1/3] python/unknown/omp — skip (resume)
  [2/20 rep 1/3] python/unknown/omp — skip (resume)
  [3/20 rep 1/3] python/unknown/omp — skip (resume)
  [4/20 rep 1/3] python/unknown/omp — skip (resume)
  [5/20 rep 1/3] go/unknown/omp — skip (resume)
  [6/20 rep 1/3] go/unknown/omp — skip (resume)
  [7/20 rep 1/3] go/unknown/omp — skip (resume)
  [8/20 rep 1/3] go/unknown/omp — skip (resume)
  [9/20 rep 1/3] typescript/unknown/omp — skip (resume)
  [10/20 rep 1/3] typescript/unknown/omp — skip (resume)
  [11/20 rep 1/3] typescript/unknown/omp — skip (resume)
  [12/20 rep 1/3] typescript/unknown/omp — skip (resume)
  [13/20 rep 1/3] rust/unknown/omp — skip (resume)
  [14/20 rep 1/3] rust/unknown/omp — skip (resume)
  [15/20 rep 1/3] rust/unknown/omp — skip (resume)
  [16/20 rep 1/3] rust/unknown/omp — skip (resume)
  [17/20 rep 1/3] java/unknown/omp — skip (resume)
  [18/20 rep 1/3] java/unknown/omp — skip (resume)
  [19/20 rep 1/3] java/unknown/omp — skip (resume)
  [20/20 rep 1/3] java/unknown/omp — skip (resume)
  [1/20 rep 2/3] python/unknown/omp — skip (resume)
  [2/20 rep 2/3] python/unknown/omp — skip (resume)
  [3/20 rep 2/3] python/unknown/omp — skip (resume)
  [4/20 rep 2/3] python/unknown/omp — skip (resume)
  [5/20 rep 2/3] go/unknown/omp — skip (resume)
  [6/20 rep 2/3] go/unknown/omp — skip (resume)
  [7/20 rep 2/3] go/unknown/omp — skip (resume)
  [8/20 rep 2/3] go/unknown/omp — skip (resume)
  [9/20 rep 2/3] typescript/unknown/omp — skip (resume)
  [10/20 rep 2/3] typescript/unknown/omp — skip (resume)
  [11/20 rep 2/3] typescript/unknown/omp — skip (resume)
  [12/20 rep 2/3] typescript/unknown/omp — skip (resume)
  [13/20 rep 2/3] rust/unknown/omp — skip (resume)
  [14/20 rep 2/3] rust/unknown/omp — ok (712.2s) [code_quality=0.83, test_coverage=1.00, defect_rate=1.00, maintainability=0.83, token_efficiency=0.04] tokens=4,918,518 cost=$0.3611
  [15/20 rep 2/3] rust/unknown/omp — skip (resume)
  [16/20 rep 2/3] rust/unknown/omp — skip (resume)
  [17/20 rep 2/3] java/unknown/omp — skip (resume)
  [18/20 rep 2/3] java/unknown/omp — skip (resume)
  [19/20 rep 2/3] java/unknown/omp — skip (resume)
  [20/20 rep 2/3] java/unknown/omp — skip (resume)
  [1/20 rep 3/3] python/unknown/omp — skip (resume)
  [2/20 rep 3/3] python/unknown/omp — skip (resume)
  [3/20 rep 3/3] python/unknown/omp — skip (resume)
  [4/20 rep 3/3] python/unknown/omp — skip (resume)
  [5/20 rep 3/3] go/unknown/omp — skip (resume)
  [6/20 rep 3/3] go/unknown/omp — skip (resume)
  [7/20 rep 3/3] go/unknown/omp — skip (resume)
  [8/20 rep 3/3] go/unknown/omp — skip (resume)
  [9/20 rep 3/3] typescript/unknown/omp — ok (290.7s) [code_quality=0.73, test_coverage=0.86, defect_rate=1.00, maintainability=0.88, token_efficiency=1.00] tokens=1,340,164 cost=$0.3847
  [10/20 rep 3/3] typescript/unknown/omp — skip (resume)
  [11/20 rep 3/3] typescript/unknown/omp — skip (resume)
  [12/20 rep 3/3] typescript/unknown/omp — skip (resume)
  [13/20 rep 3/3] rust/unknown/omp — skip (resume)
  [14/20 rep 3/3] rust/unknown/omp — skip (resume)
  [15/20 rep 3/3] rust/unknown/omp — skip (resume)
  [16/20 rep 3/3] rust/unknown/omp — skip (resume)
  [17/20 rep 3/3] java/unknown/omp — skip (resume)
  [18/20 rep 3/3] java/unknown/omp — skip (resume)
  [19/20 rep 3/3] java/unknown/omp — skip (resume)
  [20/20 rep 3/3] java/unknown/omp — skip (resume)

Done: 2 completed, 0 failed out of 60 (58 skipped via resume)
