Design matrix: 20 runs (loaded from experiment-15/design-openweight.csv)
Task: rest-api-crud
Replicates: 3 (60 total runs)
Resume: 92 run(s) already recorded — will skip.

Starting experiment runs...
  [1/20 rep 1/3] python/unknown/omp — ok (324.8s) [code_quality=0.62, test_coverage=0.89, defect_rate=1.00, maintainability=1.00, token_efficiency=0.00] tokens=1,400,599 cost=$0.3223
  [2/20 rep 1/3] python/unknown/omp — skip (resume)
  [3/20 rep 1/3] python/unknown/omp — skip (resume)
  [4/20 rep 1/3] python/unknown/omp — skip (resume)
  [5/20 rep 1/3] go/unknown/omp — ok (199.5s) [code_quality=0.96, test_coverage=0.66, defect_rate=1.00, maintainability=0.99, token_efficiency=0.02] tokens=535,436 cost=$0.1357
  [6/20 rep 1/3] go/unknown/omp — FAIL (255.0s) [code_quality=0.00, test_coverage=0.00, defect_rate=0.00, maintainability=0.00, token_efficiency=0.00] tokens=1,029,004 cost=$0.0997
    gate: tests did not run (test_coverage=0) — marked failed
  [7/20 rep 1/3] go/unknown/omp — skip (resume)
  [8/20 rep 1/3] go/unknown/omp — skip (resume)
  [9/20 rep 1/3] typescript/unknown/omp — skip (resume)
  [10/20 rep 1/3] typescript/unknown/omp — skip (resume)
  [11/20 rep 1/3] typescript/unknown/omp — skip (resume)
  [12/20 rep 1/3] typescript/unknown/omp — skip (resume)
  [13/20 rep 1/3] rust/unknown/omp — skip (resume)
  [14/20 rep 1/3] rust/unknown/omp — skip (resume)
  [15/20 rep 1/3] rust/unknown/omp — skip (resume)
  [16/20 rep 1/3] rust/unknown/omp — skip (resume)
  [17/20 rep 1/3] java/unknown/omp — skip (resume)
  [18/20 rep 1/3] java/unknown/omp — skip (resume)
  [19/20 rep 1/3] java/unknown/omp — skip (resume)
  [20/20 rep 1/3] java/unknown/omp — skip (resume)
  [1/20 rep 2/3] python/unknown/omp — skip (resume)
  [2/20 rep 2/3] python/unknown/omp — skip (resume)
  [3/20 rep 2/3] python/unknown/omp — skip (resume)
  [4/20 rep 2/3] python/unknown/omp — skip (resume)
  [5/20 rep 2/3] go/unknown/omp — skip (resume)
  [6/20 rep 2/3] go/unknown/omp — skip (resume)
  [7/20 rep 2/3] go/unknown/omp — skip (resume)
  [8/20 rep 2/3] go/unknown/omp — skip (resume)
  [9/20 rep 2/3] typescript/unknown/omp — skip (resume)
  [10/20 rep 2/3] typescript/unknown/omp — skip (resume)
  [11/20 rep 2/3] typescript/unknown/omp — skip (resume)
  [12/20 rep 2/3] typescript/unknown/omp — skip (resume)
  [13/20 rep 2/3] rust/unknown/omp — skip (resume)
  [14/20 rep 2/3] rust/unknown/omp — skip (resume)
  [15/20 rep 2/3] rust/unknown/omp — skip (resume)
  [16/20 rep 2/3] rust/unknown/omp — skip (resume)
  [17/20 rep 2/3] java/unknown/omp — skip (resume)
  [18/20 rep 2/3] java/unknown/omp — skip (resume)
  [19/20 rep 2/3] java/unknown/omp — skip (resume)
  [20/20 rep 2/3] java/unknown/omp — skip (resume)
  [1/20 rep 3/3] python/unknown/omp — skip (resume)
  [2/20 rep 3/3] python/unknown/omp — skip (resume)
  [3/20 rep 3/3] python/unknown/omp — skip (resume)
  [4/20 rep 3/3] python/unknown/omp — skip (resume)
  [5/20 rep 3/3] go/unknown/omp — skip (resume)
  [6/20 rep 3/3] go/unknown/omp — skip (resume)
  [7/20 rep 3/3] go/unknown/omp — skip (resume)
  [8/20 rep 3/3] go/unknown/omp — skip (resume)
  [9/20 rep 3/3] typescript/unknown/omp — skip (resume)
  [10/20 rep 3/3] typescript/unknown/omp — skip (resume)
  [11/20 rep 3/3] typescript/unknown/omp — skip (resume)
  [12/20 rep 3/3] typescript/unknown/omp — skip (resume)
  [13/20 rep 3/3] rust/unknown/omp — skip (resume)
  [14/20 rep 3/3] rust/unknown/omp — skip (resume)
  [15/20 rep 3/3] rust/unknown/omp — skip (resume)
  [16/20 rep 3/3] rust/unknown/omp — skip (resume)
  [17/20 rep 3/3] java/unknown/omp — skip (resume)
  [18/20 rep 3/3] java/unknown/omp — skip (resume)
  [19/20 rep 3/3] java/unknown/omp — skip (resume)
  [20/20 rep 3/3] java/unknown/omp — skip (resume)

Done: 2 completed, 1 failed out of 60 (57 skipped via resume)
